

-------- Grammar --------

rule 1 program: linebreak
rule 2 program: linebreak complete_commands linebreak
rule 3 complete_commands: complete_command
rule 4 complete_commands: complete_commands newline_list complete_command
rule 5 complete_command: list separator_op
rule 6 complete_command: list
rule 7 list: list separator_op and_or
rule 8 list: and_or
rule 9 and_or: pipeline
rule 10 and_or: and_or AND_IF linebreak pipeline
rule 11 and_or: and_or OR_IF linebreak pipeline
rule 12 pipeline: pipe_sequence
rule 13 pipeline: Bang pipe_sequence
rule 14 pipe_sequence: command
rule 15 pipe_sequence: pipe_sequence "|" linebreak command
rule 16 command: simple_command
rule 17 command: compound_command
rule 18 command: compound_command redirect_list
rule 19 command: function_definition
rule 20 redirect_list: io_redirect
rule 21 redirect_list: redirect_list io_redirect
rule 22 function_definition: WORD "(" ")" linebreak compound_command
rule 23 compound_command: brace_group
rule 24 compound_command: subshell
rule 25 compound_command: if_clause
rule 26 compound_command: while_clause
rule 27 compound_command: until_clause
rule 28 compound_command: for_clause
rule 29 compound_command: case_clause
rule 30 brace_group: Lbrace compound_list Rbrace
rule 31 subshell: "(" compound_list ")"
rule 32 while_clause: While compound_list do_group
rule 33 until_clause: Until compound_list do_group
rule 34 do_group: Do compound_list Done
rule 35 for_clause: For name do_group
rule 36 for_clause: For name sequential_sep do_group
rule 37 for_clause: For name linebreak In sequential_sep do_group
rule 38 for_clause: For name linebreak In wordlist sequential_sep do_group
rule 39 name: NAME
rule 40 wordlist: WORD
rule 41 wordlist: wordlist WORD
rule 42 sequential_sep: ";" linebreak
rule 43 sequential_sep: newline_list
rule 44 case_clause: Case WORD linebreak In linebreak case_list Esac
rule 45 case_clause: Case WORD linebreak In linebreak case_list_ns Esac
rule 46 case_clause: Case WORD linebreak In linebreak Esac
rule 47 case_list: case_item
rule 48 case_list: case_list case_item
rule 49 case_list_ns: case_item_ns
rule 50 case_list_ns: case_list case_item_ns
rule 51 case_item: patterns ")" compound_list DSEMI linebreak
rule 52 case_item: patterns ")" linebreak DSEMI linebreak
rule 53 case_item: "(" patterns ")" compound_list DSEMI linebreak
rule 54 case_item: "(" patterns ")" linebreak DSEMI linebreak
rule 55 case_item_ns: patterns ")" compound_list
rule 56 case_item_ns: patterns ")" linebreak
rule 57 case_item_ns: "(" patterns ")" compound_list
rule 58 case_item_ns: "(" patterns ")" linebreak
rule 59 patterns: WORD
rule 60 patterns: patterns "|" WORD
rule 61 if_clause: If compound_list Then compound_list else_part Fi
rule 62 if_clause: If compound_list Then compound_list Fi
rule 63 else_part: Elif compound_list Then compound_list
rule 64 else_part: Elif compound_list Then compound_list else_part
rule 65 else_part: Else compound_list
rule 66 compound_list: linebreak term
rule 67 compound_list: linebreak term separator
rule 68 term: term separator and_or
rule 69 term: and_or
rule 70 separator: separator_op linebreak
rule 71 separator: newline_list
rule 72 simple_command: cmd_prefix cmd_word cmd_suffix
rule 73 simple_command: cmd_prefix cmd_word
rule 74 simple_command: cmd_prefix
rule 75 simple_command: cmd_name cmd_suffix
rule 76 simple_command: cmd_name
rule 77 cmd_name: WORD
rule 78 cmd_word: WORD
rule 79 cmd_prefix: io_redirect
rule 80 cmd_prefix: cmd_prefix io_redirect
rule 81 cmd_prefix: ASSIGNMENT_WORD
rule 82 cmd_prefix: cmd_prefix ASSIGNMENT_WORD
rule 83 cmd_suffix: io_redirect
rule 84 cmd_suffix: cmd_suffix io_redirect
rule 85 cmd_suffix: WORD
rule 86 cmd_suffix: cmd_suffix WORD
rule 87 io_redirect: io_file
rule 88 io_redirect: IO_NUMBER io_file
rule 89 io_redirect: io_here
rule 90 io_redirect: IO_NUMBER io_here
rule 91 io_here: DLESS WORD
rule 92 io_here: DLESSDASH WORD
rule 93 io_file: "<" filename
rule 94 io_file: ">" filename
rule 95 io_file: DGREAT filename
rule 96 io_file: LESSGREAT filename
rule 97 io_file: CLOBBER filename
rule 98 io_file: GREATAND filename
rule 99 io_file: LESSAND filename
rule 100 filename: WORD
rule 101 separator_op: "&"
rule 102 separator_op: ";"
rule 103 newline_list: NEWLINE
rule 104 newline_list: newline_list NEWLINE
rule 105 linebreak: newline_list
rule 106 linebreak: 

------- Symbols -------

**Nonterminals, with rules where they appear

  $start (40)
    on right: 
    on left : 
  program (41)
    on right: 
    on left : 1 2
  linebreak (42)
    on right: 1 2 10 11 15 22 37 38 42 44 45 46 51 52 53 54 56 58 66 67 70
    on left : 105 106
  complete_commands (43)
    on right: 2 4
    on left : 3 4
  complete_command (44)
    on right: 3 4
    on left : 5 6
  newline_list (45)
    on right: 4 43 71 104 105
    on left : 103 104
  list (46)
    on right: 5 6 7
    on left : 7 8
  separator_op (47)
    on right: 5 7 70
    on left : 101 102
  and_or (48)
    on right: 7 8 10 11 68 69
    on left : 9 10 11
  pipeline (49)
    on right: 9 10 11
    on left : 12 13
  pipe_sequence (50)
    on right: 12 13 15
    on left : 14 15
  command (51)
    on right: 14 15
    on left : 16 17 18 19
  simple_command (52)
    on right: 16
    on left : 72 73 74 75 76
  compound_command (53)
    on right: 17 18 22
    on left : 23 24 25 26 27 28 29
  redirect_list (54)
    on right: 18 21
    on left : 20 21
  function_definition (55)
    on right: 19
    on left : 22
  io_redirect (56)
    on right: 20 21 79 80 83 84
    on left : 87 88 89 90
  brace_group (57)
    on right: 23
    on left : 30
  subshell (58)
    on right: 24
    on left : 31
  if_clause (59)
    on right: 25
    on left : 61 62
  while_clause (60)
    on right: 26
    on left : 32
  until_clause (61)
    on right: 27
    on left : 33
  for_clause (62)
    on right: 28
    on left : 35 36 37 38
  case_clause (63)
    on right: 29
    on left : 44 45 46
  compound_list (64)
    on right: 30 31 32 33 34 51 53 55 57 61 62 63 64 65
    on left : 66 67
  do_group (65)
    on right: 32 33 35 36 37 38
    on left : 34
  name (66)
    on right: 35 36 37 38
    on left : 39
  sequential_sep (67)
    on right: 36 37 38
    on left : 42 43
  wordlist (68)
    on right: 38 41
    on left : 40 41
  case_list (69)
    on right: 44 48 50
    on left : 47 48
  case_list_ns (70)
    on right: 45
    on left : 49 50
  case_item (71)
    on right: 47 48
    on left : 51 52 53 54
  case_item_ns (72)
    on right: 49 50
    on left : 55 56 57 58
  patterns (73)
    on right: 51 52 53 54 55 56 57 58 60
    on left : 59 60
  else_part (74)
    on right: 61 64
    on left : 63 64 65
  term (75)
    on right: 66 67 68
    on left : 68 69
  separator (76)
    on right: 67 68
    on left : 70 71
  cmd_prefix (77)
    on right: 72 73 74 80 82
    on left : 79 80 81 82
  cmd_word (78)
    on right: 72 73
    on left : 78
  cmd_suffix (79)
    on right: 72 75 84 86
    on left : 83 84 85 86
  cmd_name (80)
    on right: 75 76
    on left : 77
  io_file (81)
    on right: 87 88
    on left : 93 94 95 96 97 98 99
  io_here (82)
    on right: 89 90
    on left : 91 92
  filename (83)
    on right: 93 94 95 96 97 98 99
    on left : 100

**Terminals, with rules where they appear

  $end (0) 
  error (1) 
  WORD (2) 22 40 41 44 45 46 59 60 77 78 85 86 91 92 100
  ASSIGNMENT_WORD (3) 81 82
  IO_NUMBER (4) 88 90
  NEWLINE (5) 103 104
  AND_IF (6) 10
  OR_IF (7) 11
  DGREAT (8) 95
  LESSGREAT (9) 96
  CLOBBER (10) 97
  DLESS (11) 91
  DLESSDASH (12) 92
  GREATAND (13) 98
  LESSAND (14) 99
  If (15) 61 62
  Then (16) 61 62 63 64
  Else (17) 65
  Elif (18) 63 64
  Fi (19) 61 62
  Lbrace (20) 30
  Rbrace (21) 30
  Bang (22) 13
  While (23) 32
  Until (24) 33
  Do (25) 34
  Done (26) 34
  For (27) 35 36 37 38
  In (28) 37 38 44 45 46
  NAME (29) 39
  Case (30) 44 45 46
  Esac (31) 44 45 46
  DSEMI (32) 51 52 53 54
  "|" (33) 15 60
  "(" (34) 22 31 53 54 57 58
  ")" (35) 22 31 51 52 53 54 55 56 57 58
  ";" (36) 42 102
  "<" (37) 93
  ">" (38) 94
  "&" (39) 101

--------- State ---------

state 0


  NEWLINE       shift, and go to state 3
  $default      reduce using rule 106 (linebreak)

  program       go to state 1
  linebreak     go to state 2
  newline_list  go to state 4

state 1


  $end          shift, and go to state 5


state 2

   1) program : linebreak _
   2) program : linebreak _ complete_commands linebreak

  WORD          shift, and go to state 17
  ASSIGNMENT_WORD  shift, and go to state 35
  IO_NUMBER     shift, and go to state 37
  DGREAT        shift, and go to state 43
  LESSGREAT     shift, and go to state 44
  CLOBBER       shift, and go to state 45
  DLESS         shift, and go to state 39
  DLESSDASH     shift, and go to state 40
  GREATAND      shift, and go to state 46
  LESSAND       shift, and go to state 47
  If            shift, and go to state 31
  Lbrace        shift, and go to state 25
  Bang          shift, and go to state 12
  While         shift, and go to state 27
  Until         shift, and go to state 28
  For           shift, and go to state 29
  Case          shift, and go to state 30
  "("           shift, and go to state 26
  "<"           shift, and go to state 41
  ">"           shift, and go to state 42
  $default      reduce using rule 1 (program)

  complete_commands  go to state 6
  complete_command  go to state 7
  list          go to state 8
  and_or        go to state 9
  pipeline      go to state 10
  pipe_sequence  go to state 11
  command       go to state 13
  simple_command  go to state 14
  compound_command  go to state 15
  function_definition  go to state 16
  brace_group   go to state 18
  subshell      go to state 19
  if_clause     go to state 20
  while_clause  go to state 21
  until_clause  go to state 22
  for_clause    go to state 23
  case_clause   go to state 24
  cmd_prefix    go to state 32
  cmd_name      go to state 33
  io_redirect   go to state 34
  io_file       go to state 36
  io_here       go to state 38

state 3

 103) newline_list : NEWLINE _

  $default      reduce using rule 103 (newline_list)


state 4

 104) newline_list : newline_list _ NEWLINE
 105) linebreak : newline_list _

  NEWLINE       shift, and go to state 48
  $default      reduce using rule 105 (linebreak)


state 5


  $end          shift, and go to state 49


state 6

   2) program : linebreak complete_commands _ linebreak
   4) complete_commands : complete_commands _ newline_list complete_command

  NEWLINE       shift, and go to state 3
  $default      reduce using rule 106 (linebreak)

  linebreak     go to state 50
  newline_list  go to state 51

state 7

   3) complete_commands : complete_command _

  $default      reduce using rule 3 (complete_commands)


state 8

   5) complete_command : list _ separator_op
   6) complete_command : list _
   7) list : list _ separator_op and_or

  ";"           shift, and go to state 54
  "&"           shift, and go to state 53
  $default      reduce using rule 6 (complete_command)

  separator_op  go to state 52

state 9

   8) list : and_or _
  10) and_or : and_or _ AND_IF linebreak pipeline
  11) and_or : and_or _ OR_IF linebreak pipeline

  AND_IF        shift, and go to state 55
  OR_IF         shift, and go to state 56
  $default      reduce using rule 8 (list)


state 10

   9) and_or : pipeline _

  $default      reduce using rule 9 (and_or)


state 11

  12) pipeline : pipe_sequence _
  15) pipe_sequence : pipe_sequence _ "|" linebreak command

  "|"           shift, and go to state 57
  $default      reduce using rule 12 (pipeline)


state 12

  13) pipeline : Bang _ pipe_sequence

  WORD          shift, and go to state 17
  ASSIGNMENT_WORD  shift, and go to state 35
  IO_NUMBER     shift, and go to state 37
  DGREAT        shift, and go to state 43
  LESSGREAT     shift, and go to state 44
  CLOBBER       shift, and go to state 45
  DLESS         shift, and go to state 39
  DLESSDASH     shift, and go to state 40
  GREATAND      shift, and go to state 46
  LESSAND       shift, and go to state 47
  If            shift, and go to state 31
  Lbrace        shift, and go to state 25
  While         shift, and go to state 27
  Until         shift, and go to state 28
  For           shift, and go to state 29
  Case          shift, and go to state 30
  "("           shift, and go to state 26
  "<"           shift, and go to state 41
  ">"           shift, and go to state 42

  pipe_sequence  go to state 58
  command       go to state 13
  simple_command  go to state 14
  compound_command  go to state 15
  function_definition  go to state 16
  brace_group   go to state 18
  subshell      go to state 19
  if_clause     go to state 20
  while_clause  go to state 21
  until_clause  go to state 22
  for_clause    go to state 23
  case_clause   go to state 24
  cmd_prefix    go to state 32
  cmd_name      go to state 33
  io_redirect   go to state 34
  io_file       go to state 36
  io_here       go to state 38

state 13

  14) pipe_sequence : command _

  $default      reduce using rule 14 (pipe_sequence)


state 14

  16) command : simple_command _

  $default      reduce using rule 16 (command)


state 15

  17) command : compound_command _
  18) command : compound_command _ redirect_list

  IO_NUMBER     shift, and go to state 37
  DGREAT        shift, and go to state 43
  LESSGREAT     shift, and go to state 44
  CLOBBER       shift, and go to state 45
  DLESS         shift, and go to state 39
  DLESSDASH     shift, and go to state 40
  GREATAND      shift, and go to state 46
  LESSAND       shift, and go to state 47
  "<"           shift, and go to state 41
  ">"           shift, and go to state 42
  $default      reduce using rule 17 (command)

  redirect_list  go to state 59
  io_redirect   go to state 60
  io_file       go to state 36
  io_here       go to state 38

state 16

  19) command : function_definition _

  $default      reduce using rule 19 (command)


state 17

  22) function_definition : WORD _ "(" ")" linebreak compound_command
  77) cmd_name : WORD _

  "("           shift, and go to state 61
  $default      reduce using rule 77 (cmd_name)


state 18

  23) compound_command : brace_group _

  $default      reduce using rule 23 (compound_command)


state 19

  24) compound_command : subshell _

  $default      reduce using rule 24 (compound_command)


state 20

  25) compound_command : if_clause _

  $default      reduce using rule 25 (compound_command)


state 21

  26) compound_command : while_clause _

  $default      reduce using rule 26 (compound_command)


state 22

  27) compound_command : until_clause _

  $default      reduce using rule 27 (compound_command)


state 23

  28) compound_command : for_clause _

  $default      reduce using rule 28 (compound_command)


state 24

  29) compound_command : case_clause _

  $default      reduce using rule 29 (compound_command)


state 25

  30) brace_group : Lbrace _ compound_list Rbrace

  NEWLINE       shift, and go to state 3
  $default      reduce using rule 106 (linebreak)

  compound_list  go to state 62
  linebreak     go to state 63
  newline_list  go to state 4

state 26

  31) subshell : "(" _ compound_list ")"

  NEWLINE       shift, and go to state 3
  $default      reduce using rule 106 (linebreak)

  compound_list  go to state 64
  linebreak     go to state 63
  newline_list  go to state 4

state 27

  32) while_clause : While _ compound_list do_group

  NEWLINE       shift, and go to state 3
  $default      reduce using rule 106 (linebreak)

  compound_list  go to state 65
  linebreak     go to state 63
  newline_list  go to state 4

state 28

  33) until_clause : Until _ compound_list do_group

  NEWLINE       shift, and go to state 3
  $default      reduce using rule 106 (linebreak)

  compound_list  go to state 66
  linebreak     go to state 63
  newline_list  go to state 4

state 29

  35) for_clause : For _ name do_group
  36) for_clause : For _ name sequential_sep do_group
  37) for_clause : For _ name linebreak In sequential_sep do_group
  38) for_clause : For _ name linebreak In wordlist sequential_sep do_group

  NAME          shift, and go to state 68

  name          go to state 67

state 30

  44) case_clause : Case _ WORD linebreak In linebreak case_list Esac
  45) case_clause : Case _ WORD linebreak In linebreak case_list_ns Esac
  46) case_clause : Case _ WORD linebreak In linebreak Esac

  WORD          shift, and go to state 69


state 31

  61) if_clause : If _ compound_list Then compound_list else_part Fi
  62) if_clause : If _ compound_list Then compound_list Fi

  NEWLINE       shift, and go to state 3
  $default      reduce using rule 106 (linebreak)

  compound_list  go to state 70
  linebreak     go to state 63
  newline_list  go to state 4

state 32

  72) simple_command : cmd_prefix _ cmd_word cmd_suffix
  73) simple_command : cmd_prefix _ cmd_word
  74) simple_command : cmd_prefix _
  80) cmd_prefix : cmd_prefix _ io_redirect
  82) cmd_prefix : cmd_prefix _ ASSIGNMENT_WORD

  WORD          shift, and go to state 72
  ASSIGNMENT_WORD  shift, and go to state 74
  IO_NUMBER     shift, and go to state 37
  DGREAT        shift, and go to state 43
  LESSGREAT     shift, and go to state 44
  CLOBBER       shift, and go to state 45
  DLESS         shift, and go to state 39
  DLESSDASH     shift, and go to state 40
  GREATAND      shift, and go to state 46
  LESSAND       shift, and go to state 47
  "<"           shift, and go to state 41
  ">"           shift, and go to state 42
  $default      reduce using rule 74 (simple_command)

  cmd_word      go to state 71
  io_redirect   go to state 73
  io_file       go to state 36
  io_here       go to state 38

state 33

  75) simple_command : cmd_name _ cmd_suffix
  76) simple_command : cmd_name _

  WORD          shift, and go to state 77
  IO_NUMBER     shift, and go to state 37
  DGREAT        shift, and go to state 43
  LESSGREAT     shift, and go to state 44
  CLOBBER       shift, and go to state 45
  DLESS         shift, and go to state 39
  DLESSDASH     shift, and go to state 40
  GREATAND      shift, and go to state 46
  LESSAND       shift, and go to state 47
  "<"           shift, and go to state 41
  ">"           shift, and go to state 42
  $default      reduce using rule 76 (simple_command)

  cmd_suffix    go to state 75
  io_redirect   go to state 76
  io_file       go to state 36
  io_here       go to state 38

state 34

  79) cmd_prefix : io_redirect _

  $default      reduce using rule 79 (cmd_prefix)


state 35

  81) cmd_prefix : ASSIGNMENT_WORD _

  $default      reduce using rule 81 (cmd_prefix)


state 36

  87) io_redirect : io_file _

  $default      reduce using rule 87 (io_redirect)


state 37

  88) io_redirect : IO_NUMBER _ io_file
  90) io_redirect : IO_NUMBER _ io_here

  DGREAT        shift, and go to state 43
  LESSGREAT     shift, and go to state 44
  CLOBBER       shift, and go to state 45
  DLESS         shift, and go to state 39
  DLESSDASH     shift, and go to state 40
  GREATAND      shift, and go to state 46
  LESSAND       shift, and go to state 47
  "<"           shift, and go to state 41
  ">"           shift, and go to state 42

  io_file       go to state 78
  io_here       go to state 79

state 38

  89) io_redirect : io_here _

  $default      reduce using rule 89 (io_redirect)


state 39

  91) io_here : DLESS _ WORD

  WORD          shift, and go to state 80


state 40

  92) io_here : DLESSDASH _ WORD

  WORD          shift, and go to state 81


state 41

  93) io_file : "<" _ filename

  WORD          shift, and go to state 83

  filename      go to state 82

state 42

  94) io_file : ">" _ filename

  WORD          shift, and go to state 83

  filename      go to state 84

state 43

  95) io_file : DGREAT _ filename

  WORD          shift, and go to state 83

  filename      go to state 85

state 44

  96) io_file : LESSGREAT _ filename

  WORD          shift, and go to state 83

  filename      go to state 86

state 45

  97) io_file : CLOBBER _ filename

  WORD          shift, and go to state 83

  filename      go to state 87

state 46

  98) io_file : GREATAND _ filename

  WORD          shift, and go to state 83

  filename      go to state 88

state 47

  99) io_file : LESSAND _ filename

  WORD          shift, and go to state 83

  filename      go to state 89

state 48

 104) newline_list : newline_list NEWLINE _

  $default      reduce using rule 104 (newline_list)


state 49


  $default      accept


state 50

   2) program : linebreak complete_commands linebreak _

  $default      reduce using rule 2 (program)


state 51

   4) complete_commands : complete_commands newline_list _ complete_command
 104) newline_list : newline_list _ NEWLINE
 105) linebreak : newline_list _

  WORD          shift, and go to state 17
  ASSIGNMENT_WORD  shift, and go to state 35
  IO_NUMBER     shift, and go to state 37
  NEWLINE       shift, and go to state 48
  DGREAT        shift, and go to state 43
  LESSGREAT     shift, and go to state 44
  CLOBBER       shift, and go to state 45
  DLESS         shift, and go to state 39
  DLESSDASH     shift, and go to state 40
  GREATAND      shift, and go to state 46
  LESSAND       shift, and go to state 47
  If            shift, and go to state 31
  Lbrace        shift, and go to state 25
  Bang          shift, and go to state 12
  While         shift, and go to state 27
  Until         shift, and go to state 28
  For           shift, and go to state 29
  Case          shift, and go to state 30
  "("           shift, and go to state 26
  "<"           shift, and go to state 41
  ">"           shift, and go to state 42
  $default      reduce using rule 105 (linebreak)

  complete_command  go to state 90
  list          go to state 8
  and_or        go to state 9
  pipeline      go to state 10
  pipe_sequence  go to state 11
  command       go to state 13
  simple_command  go to state 14
  compound_command  go to state 15
  function_definition  go to state 16
  brace_group   go to state 18
  subshell      go to state 19
  if_clause     go to state 20
  while_clause  go to state 21
  until_clause  go to state 22
  for_clause    go to state 23
  case_clause   go to state 24
  cmd_prefix    go to state 32
  cmd_name      go to state 33
  io_redirect   go to state 34
  io_file       go to state 36
  io_here       go to state 38

state 52

   5) complete_command : list separator_op _
   7) list : list separator_op _ and_or

  WORD          shift, and go to state 17
  ASSIGNMENT_WORD  shift, and go to state 35
  IO_NUMBER     shift, and go to state 37
  DGREAT        shift, and go to state 43
  LESSGREAT     shift, and go to state 44
  CLOBBER       shift, and go to state 45
  DLESS         shift, and go to state 39
  DLESSDASH     shift, and go to state 40
  GREATAND      shift, and go to state 46
  LESSAND       shift, and go to state 47
  If            shift, and go to state 31
  Lbrace        shift, and go to state 25
  Bang          shift, and go to state 12
  While         shift, and go to state 27
  Until         shift, and go to state 28
  For           shift, and go to state 29
  Case          shift, and go to state 30
  "("           shift, and go to state 26
  "<"           shift, and go to state 41
  ">"           shift, and go to state 42
  $default      reduce using rule 5 (complete_command)

  and_or        go to state 91
  pipeline      go to state 10
  pipe_sequence  go to state 11
  command       go to state 13
  simple_command  go to state 14
  compound_command  go to state 15
  function_definition  go to state 16
  brace_group   go to state 18
  subshell      go to state 19
  if_clause     go to state 20
  while_clause  go to state 21
  until_clause  go to state 22
  for_clause    go to state 23
  case_clause   go to state 24
  cmd_prefix    go to state 32
  cmd_name      go to state 33
  io_redirect   go to state 34
  io_file       go to state 36
  io_here       go to state 38

state 53

 101) separator_op : "&" _

  $default      reduce using rule 101 (separator_op)


state 54

 102) separator_op : ";" _

  $default      reduce using rule 102 (separator_op)


state 55

  10) and_or : and_or AND_IF _ linebreak pipeline

  NEWLINE       shift, and go to state 3
  $default      reduce using rule 106 (linebreak)

  linebreak     go to state 92
  newline_list  go to state 4

state 56

  11) and_or : and_or OR_IF _ linebreak pipeline

  NEWLINE       shift, and go to state 3
  $default      reduce using rule 106 (linebreak)

  linebreak     go to state 93
  newline_list  go to state 4

state 57

  15) pipe_sequence : pipe_sequence "|" _ linebreak command

  NEWLINE       shift, and go to state 3
  $default      reduce using rule 106 (linebreak)

  linebreak     go to state 94
  newline_list  go to state 4

state 58

  13) pipeline : Bang pipe_sequence _
  15) pipe_sequence : pipe_sequence _ "|" linebreak command

  "|"           shift, and go to state 57
  $default      reduce using rule 13 (pipeline)


state 59

  18) command : compound_command redirect_list _
  21) redirect_list : redirect_list _ io_redirect

  IO_NUMBER     shift, and go to state 37
  DGREAT        shift, and go to state 43
  LESSGREAT     shift, and go to state 44
  CLOBBER       shift, and go to state 45
  DLESS         shift, and go to state 39
  DLESSDASH     shift, and go to state 40
  GREATAND      shift, and go to state 46
  LESSAND       shift, and go to state 47
  "<"           shift, and go to state 41
  ">"           shift, and go to state 42
  $default      reduce using rule 18 (command)

  io_redirect   go to state 95
  io_file       go to state 36
  io_here       go to state 38

state 60

  20) redirect_list : io_redirect _

  $default      reduce using rule 20 (redirect_list)


state 61

  22) function_definition : WORD "(" _ ")" linebreak compound_command

  ")"           shift, and go to state 96


state 62

  30) brace_group : Lbrace compound_list _ Rbrace

  Rbrace        shift, and go to state 97


state 63

  66) compound_list : linebreak _ term
  67) compound_list : linebreak _ term separator

  WORD          shift, and go to state 17
  ASSIGNMENT_WORD  shift, and go to state 35
  IO_NUMBER     shift, and go to state 37
  DGREAT        shift, and go to state 43
  LESSGREAT     shift, and go to state 44
  CLOBBER       shift, and go to state 45
  DLESS         shift, and go to state 39
  DLESSDASH     shift, and go to state 40
  GREATAND      shift, and go to state 46
  LESSAND       shift, and go to state 47
  If            shift, and go to state 31
  Lbrace        shift, and go to state 25
  Bang          shift, and go to state 12
  While         shift, and go to state 27
  Until         shift, and go to state 28
  For           shift, and go to state 29
  Case          shift, and go to state 30
  "("           shift, and go to state 26
  "<"           shift, and go to state 41
  ">"           shift, and go to state 42

  pipeline      go to state 10
  and_or        go to state 98
  pipe_sequence  go to state 11
  command       go to state 13
  simple_command  go to state 14
  compound_command  go to state 15
  function_definition  go to state 16
  brace_group   go to state 18
  subshell      go to state 19
  if_clause     go to state 20
  while_clause  go to state 21
  until_clause  go to state 22
  for_clause    go to state 23
  case_clause   go to state 24
  term          go to state 99
  cmd_prefix    go to state 32
  cmd_name      go to state 33
  io_redirect   go to state 34
  io_file       go to state 36
  io_here       go to state 38

state 64

  31) subshell : "(" compound_list _ ")"

  ")"           shift, and go to state 100


state 65

  32) while_clause : While compound_list _ do_group

  Do            shift, and go to state 102

  do_group      go to state 101

state 66

  33) until_clause : Until compound_list _ do_group

  Do            shift, and go to state 102

  do_group      go to state 103

state 67

  35) for_clause : For name _ do_group
  36) for_clause : For name _ sequential_sep do_group
  37) for_clause : For name _ linebreak In sequential_sep do_group
  38) for_clause : For name _ linebreak In wordlist sequential_sep do_group

  NEWLINE       shift, and go to state 3
  Do            shift, and go to state 102
  ";"           shift, and go to state 107
  $default      reduce using rule 106 (linebreak)

  do_group      go to state 104
  sequential_sep  go to state 105
  linebreak     go to state 106
  newline_list  go to state 108

state 68

  39) name : NAME _

  $default      reduce using rule 39 (name)


state 69

  44) case_clause : Case WORD _ linebreak In linebreak case_list Esac
  45) case_clause : Case WORD _ linebreak In linebreak case_list_ns Esac
  46) case_clause : Case WORD _ linebreak In linebreak Esac

  NEWLINE       shift, and go to state 3
  $default      reduce using rule 106 (linebreak)

  linebreak     go to state 109
  newline_list  go to state 4

state 70

  61) if_clause : If compound_list _ Then compound_list else_part Fi
  62) if_clause : If compound_list _ Then compound_list Fi

  Then          shift, and go to state 110


state 71

  72) simple_command : cmd_prefix cmd_word _ cmd_suffix
  73) simple_command : cmd_prefix cmd_word _

  WORD          shift, and go to state 77
  IO_NUMBER     shift, and go to state 37
  DGREAT        shift, and go to state 43
  LESSGREAT     shift, and go to state 44
  CLOBBER       shift, and go to state 45
  DLESS         shift, and go to state 39
  DLESSDASH     shift, and go to state 40
  GREATAND      shift, and go to state 46
  LESSAND       shift, and go to state 47
  "<"           shift, and go to state 41
  ">"           shift, and go to state 42
  $default      reduce using rule 73 (simple_command)

  cmd_suffix    go to state 111
  io_redirect   go to state 76
  io_file       go to state 36
  io_here       go to state 38

state 72

  78) cmd_word : WORD _

  $default      reduce using rule 78 (cmd_word)


state 73

  80) cmd_prefix : cmd_prefix io_redirect _

  $default      reduce using rule 80 (cmd_prefix)


state 74

  82) cmd_prefix : cmd_prefix ASSIGNMENT_WORD _

  $default      reduce using rule 82 (cmd_prefix)


state 75

  75) simple_command : cmd_name cmd_suffix _
  84) cmd_suffix : cmd_suffix _ io_redirect
  86) cmd_suffix : cmd_suffix _ WORD

  WORD          shift, and go to state 113
  IO_NUMBER     shift, and go to state 37
  DGREAT        shift, and go to state 43
  LESSGREAT     shift, and go to state 44
  CLOBBER       shift, and go to state 45
  DLESS         shift, and go to state 39
  DLESSDASH     shift, and go to state 40
  GREATAND      shift, and go to state 46
  LESSAND       shift, and go to state 47
  "<"           shift, and go to state 41
  ">"           shift, and go to state 42
  $default      reduce using rule 75 (simple_command)

  io_redirect   go to state 112
  io_file       go to state 36
  io_here       go to state 38

state 76

  83) cmd_suffix : io_redirect _

  $default      reduce using rule 83 (cmd_suffix)


state 77

  85) cmd_suffix : WORD _

  $default      reduce using rule 85 (cmd_suffix)


state 78

  88) io_redirect : IO_NUMBER io_file _

  $default      reduce using rule 88 (io_redirect)


state 79

  90) io_redirect : IO_NUMBER io_here _

  $default      reduce using rule 90 (io_redirect)


state 80

  91) io_here : DLESS WORD _

  $default      reduce using rule 91 (io_here)


state 81

  92) io_here : DLESSDASH WORD _

  $default      reduce using rule 92 (io_here)


state 82

  93) io_file : "<" filename _

  $default      reduce using rule 93 (io_file)


state 83

 100) filename : WORD _

  $default      reduce using rule 100 (filename)


state 84

  94) io_file : ">" filename _

  $default      reduce using rule 94 (io_file)


state 85

  95) io_file : DGREAT filename _

  $default      reduce using rule 95 (io_file)


state 86

  96) io_file : LESSGREAT filename _

  $default      reduce using rule 96 (io_file)


state 87

  97) io_file : CLOBBER filename _

  $default      reduce using rule 97 (io_file)


state 88

  98) io_file : GREATAND filename _

  $default      reduce using rule 98 (io_file)


state 89

  99) io_file : LESSAND filename _

  $default      reduce using rule 99 (io_file)


state 90

   4) complete_commands : complete_commands newline_list complete_command _

  $default      reduce using rule 4 (complete_commands)


state 91

   7) list : list separator_op and_or _
  10) and_or : and_or _ AND_IF linebreak pipeline
  11) and_or : and_or _ OR_IF linebreak pipeline

  AND_IF        shift, and go to state 55
  OR_IF         shift, and go to state 56
  $default      reduce using rule 7 (list)


state 92

  10) and_or : and_or AND_IF linebreak _ pipeline

  WORD          shift, and go to state 17
  ASSIGNMENT_WORD  shift, and go to state 35
  IO_NUMBER     shift, and go to state 37
  DGREAT        shift, and go to state 43
  LESSGREAT     shift, and go to state 44
  CLOBBER       shift, and go to state 45
  DLESS         shift, and go to state 39
  DLESSDASH     shift, and go to state 40
  GREATAND      shift, and go to state 46
  LESSAND       shift, and go to state 47
  If            shift, and go to state 31
  Lbrace        shift, and go to state 25
  Bang          shift, and go to state 12
  While         shift, and go to state 27
  Until         shift, and go to state 28
  For           shift, and go to state 29
  Case          shift, and go to state 30
  "("           shift, and go to state 26
  "<"           shift, and go to state 41
  ">"           shift, and go to state 42

  pipeline      go to state 114
  pipe_sequence  go to state 11
  command       go to state 13
  simple_command  go to state 14
  compound_command  go to state 15
  function_definition  go to state 16
  brace_group   go to state 18
  subshell      go to state 19
  if_clause     go to state 20
  while_clause  go to state 21
  until_clause  go to state 22
  for_clause    go to state 23
  case_clause   go to state 24
  cmd_prefix    go to state 32
  cmd_name      go to state 33
  io_redirect   go to state 34
  io_file       go to state 36
  io_here       go to state 38

state 93

  11) and_or : and_or OR_IF linebreak _ pipeline

  WORD          shift, and go to state 17
  ASSIGNMENT_WORD  shift, and go to state 35
  IO_NUMBER     shift, and go to state 37
  DGREAT        shift, and go to state 43
  LESSGREAT     shift, and go to state 44
  CLOBBER       shift, and go to state 45
  DLESS         shift, and go to state 39
  DLESSDASH     shift, and go to state 40
  GREATAND      shift, and go to state 46
  LESSAND       shift, and go to state 47
  If            shift, and go to state 31
  Lbrace        shift, and go to state 25
  Bang          shift, and go to state 12
  While         shift, and go to state 27
  Until         shift, and go to state 28
  For           shift, and go to state 29
  Case          shift, and go to state 30
  "("           shift, and go to state 26
  "<"           shift, and go to state 41
  ">"           shift, and go to state 42

  pipeline      go to state 115
  pipe_sequence  go to state 11
  command       go to state 13
  simple_command  go to state 14
  compound_command  go to state 15
  function_definition  go to state 16
  brace_group   go to state 18
  subshell      go to state 19
  if_clause     go to state 20
  while_clause  go to state 21
  until_clause  go to state 22
  for_clause    go to state 23
  case_clause   go to state 24
  cmd_prefix    go to state 32
  cmd_name      go to state 33
  io_redirect   go to state 34
  io_file       go to state 36
  io_here       go to state 38

state 94

  15) pipe_sequence : pipe_sequence "|" linebreak _ command

  WORD          shift, and go to state 17
  ASSIGNMENT_WORD  shift, and go to state 35
  IO_NUMBER     shift, and go to state 37
  DGREAT        shift, and go to state 43
  LESSGREAT     shift, and go to state 44
  CLOBBER       shift, and go to state 45
  DLESS         shift, and go to state 39
  DLESSDASH     shift, and go to state 40
  GREATAND      shift, and go to state 46
  LESSAND       shift, and go to state 47
  If            shift, and go to state 31
  Lbrace        shift, and go to state 25
  While         shift, and go to state 27
  Until         shift, and go to state 28
  For           shift, and go to state 29
  Case          shift, and go to state 30
  "("           shift, and go to state 26
  "<"           shift, and go to state 41
  ">"           shift, and go to state 42

  command       go to state 116
  simple_command  go to state 14
  compound_command  go to state 15
  function_definition  go to state 16
  brace_group   go to state 18
  subshell      go to state 19
  if_clause     go to state 20
  while_clause  go to state 21
  until_clause  go to state 22
  for_clause    go to state 23
  case_clause   go to state 24
  cmd_prefix    go to state 32
  cmd_name      go to state 33
  io_redirect   go to state 34
  io_file       go to state 36
  io_here       go to state 38

state 95

  21) redirect_list : redirect_list io_redirect _

  $default      reduce using rule 21 (redirect_list)


state 96

  22) function_definition : WORD "(" ")" _ linebreak compound_command

  NEWLINE       shift, and go to state 3
  $default      reduce using rule 106 (linebreak)

  linebreak     go to state 117
  newline_list  go to state 4

state 97

  30) brace_group : Lbrace compound_list Rbrace _

  $default      reduce using rule 30 (brace_group)


state 98

  10) and_or : and_or _ AND_IF linebreak pipeline
  11) and_or : and_or _ OR_IF linebreak pipeline
  69) term : and_or _

  AND_IF        shift, and go to state 55
  OR_IF         shift, and go to state 56
  $default      reduce using rule 69 (term)


state 99

  66) compound_list : linebreak term _
  67) compound_list : linebreak term _ separator
  68) term : term _ separator and_or

  NEWLINE       shift, and go to state 3
  ";"           shift, and go to state 54
  "&"           shift, and go to state 53
  $default      reduce using rule 66 (compound_list)

  separator     go to state 118
  separator_op  go to state 119
  newline_list  go to state 120

state 100

  31) subshell : "(" compound_list ")" _

  $default      reduce using rule 31 (subshell)


state 101

  32) while_clause : While compound_list do_group _

  $default      reduce using rule 32 (while_clause)


state 102

  34) do_group : Do _ compound_list Done

  NEWLINE       shift, and go to state 3
  $default      reduce using rule 106 (linebreak)

  compound_list  go to state 121
  linebreak     go to state 63
  newline_list  go to state 4

state 103

  33) until_clause : Until compound_list do_group _

  $default      reduce using rule 33 (until_clause)


state 104

  35) for_clause : For name do_group _

  $default      reduce using rule 35 (for_clause)


state 105

  36) for_clause : For name sequential_sep _ do_group

  Do            shift, and go to state 102

  do_group      go to state 122

state 106

  37) for_clause : For name linebreak _ In sequential_sep do_group
  38) for_clause : For name linebreak _ In wordlist sequential_sep do_group

  In            shift, and go to state 123


state 107

  42) sequential_sep : ";" _ linebreak

  NEWLINE       shift, and go to state 3
  $default      reduce using rule 106 (linebreak)

  linebreak     go to state 124
  newline_list  go to state 4

state 108

  43) sequential_sep : newline_list _
 104) newline_list : newline_list _ NEWLINE
 105) linebreak : newline_list _

  NEWLINE       shift, and go to state 48
  In            reduce using rule 105 (linebreak)
  $default      reduce using rule 43 (sequential_sep)


state 109

  44) case_clause : Case WORD linebreak _ In linebreak case_list Esac
  45) case_clause : Case WORD linebreak _ In linebreak case_list_ns Esac
  46) case_clause : Case WORD linebreak _ In linebreak Esac

  In            shift, and go to state 125


state 110

  61) if_clause : If compound_list Then _ compound_list else_part Fi
  62) if_clause : If compound_list Then _ compound_list Fi

  NEWLINE       shift, and go to state 3
  $default      reduce using rule 106 (linebreak)

  compound_list  go to state 126
  linebreak     go to state 63
  newline_list  go to state 4

state 111

  72) simple_command : cmd_prefix cmd_word cmd_suffix _
  84) cmd_suffix : cmd_suffix _ io_redirect
  86) cmd_suffix : cmd_suffix _ WORD

  WORD          shift, and go to state 113
  IO_NUMBER     shift, and go to state 37
  DGREAT        shift, and go to state 43
  LESSGREAT     shift, and go to state 44
  CLOBBER       shift, and go to state 45
  DLESS         shift, and go to state 39
  DLESSDASH     shift, and go to state 40
  GREATAND      shift, and go to state 46
  LESSAND       shift, and go to state 47
  "<"           shift, and go to state 41
  ">"           shift, and go to state 42
  $default      reduce using rule 72 (simple_command)

  io_redirect   go to state 112
  io_file       go to state 36
  io_here       go to state 38

state 112

  84) cmd_suffix : cmd_suffix io_redirect _

  $default      reduce using rule 84 (cmd_suffix)


state 113

  86) cmd_suffix : cmd_suffix WORD _

  $default      reduce using rule 86 (cmd_suffix)


state 114

  10) and_or : and_or AND_IF linebreak pipeline _

  $default      reduce using rule 10 (and_or)


state 115

  11) and_or : and_or OR_IF linebreak pipeline _

  $default      reduce using rule 11 (and_or)


state 116

  15) pipe_sequence : pipe_sequence "|" linebreak command _

  $default      reduce using rule 15 (pipe_sequence)


state 117

  22) function_definition : WORD "(" ")" linebreak _ compound_command

  If            shift, and go to state 31
  Lbrace        shift, and go to state 25
  While         shift, and go to state 27
  Until         shift, and go to state 28
  For           shift, and go to state 29
  Case          shift, and go to state 30
  "("           shift, and go to state 26

  compound_command  go to state 127
  brace_group   go to state 18
  subshell      go to state 19
  if_clause     go to state 20
  while_clause  go to state 21
  until_clause  go to state 22
  for_clause    go to state 23
  case_clause   go to state 24

state 118

  67) compound_list : linebreak term separator _
  68) term : term separator _ and_or

  WORD          shift, and go to state 17
  ASSIGNMENT_WORD  shift, and go to state 35
  IO_NUMBER     shift, and go to state 37
  DGREAT        shift, and go to state 43
  LESSGREAT     shift, and go to state 44
  CLOBBER       shift, and go to state 45
  DLESS         shift, and go to state 39
  DLESSDASH     shift, and go to state 40
  GREATAND      shift, and go to state 46
  LESSAND       shift, and go to state 47
  If            shift, and go to state 31
  Lbrace        shift, and go to state 25
  Bang          shift, and go to state 12
  While         shift, and go to state 27
  Until         shift, and go to state 28
  For           shift, and go to state 29
  Case          shift, and go to state 30
  "("           shift, and go to state 26
  "<"           shift, and go to state 41
  ">"           shift, and go to state 42
  $default      reduce using rule 67 (compound_list)

  pipeline      go to state 10
  and_or        go to state 128
  pipe_sequence  go to state 11
  command       go to state 13
  simple_command  go to state 14
  compound_command  go to state 15
  function_definition  go to state 16
  brace_group   go to state 18
  subshell      go to state 19
  if_clause     go to state 20
  while_clause  go to state 21
  until_clause  go to state 22
  for_clause    go to state 23
  case_clause   go to state 24
  cmd_prefix    go to state 32
  cmd_name      go to state 33
  io_redirect   go to state 34
  io_file       go to state 36
  io_here       go to state 38

state 119

  70) separator : separator_op _ linebreak

  NEWLINE       shift, and go to state 3
  $default      reduce using rule 106 (linebreak)

  linebreak     go to state 129
  newline_list  go to state 4

state 120

  71) separator : newline_list _
 104) newline_list : newline_list _ NEWLINE

  NEWLINE       shift, and go to state 48
  $default      reduce using rule 71 (separator)


state 121

  34) do_group : Do compound_list _ Done

  Done          shift, and go to state 130


state 122

  36) for_clause : For name sequential_sep do_group _

  $default      reduce using rule 36 (for_clause)


state 123

  37) for_clause : For name linebreak In _ sequential_sep do_group
  38) for_clause : For name linebreak In _ wordlist sequential_sep do_group

  WORD          shift, and go to state 133
  NEWLINE       shift, and go to state 3
  ";"           shift, and go to state 107

  sequential_sep  go to state 131
  wordlist      go to state 132
  newline_list  go to state 134

state 124

  42) sequential_sep : ";" linebreak _

  $default      reduce using rule 42 (sequential_sep)


state 125

  44) case_clause : Case WORD linebreak In _ linebreak case_list Esac
  45) case_clause : Case WORD linebreak In _ linebreak case_list_ns Esac
  46) case_clause : Case WORD linebreak In _ linebreak Esac

  NEWLINE       shift, and go to state 3
  $default      reduce using rule 106 (linebreak)

  linebreak     go to state 135
  newline_list  go to state 4

state 126

  61) if_clause : If compound_list Then compound_list _ else_part Fi
  62) if_clause : If compound_list Then compound_list _ Fi

  Else          shift, and go to state 139
  Elif          shift, and go to state 138
  Fi            shift, and go to state 137

  else_part     go to state 136

state 127

  22) function_definition : WORD "(" ")" linebreak compound_command _

  $default      reduce using rule 22 (function_definition)


state 128

  10) and_or : and_or _ AND_IF linebreak pipeline
  11) and_or : and_or _ OR_IF linebreak pipeline
  68) term : term separator and_or _

  AND_IF        shift, and go to state 55
  OR_IF         shift, and go to state 56
  $default      reduce using rule 68 (term)


state 129

  70) separator : separator_op linebreak _

  $default      reduce using rule 70 (separator)


state 130

  34) do_group : Do compound_list Done _

  $default      reduce using rule 34 (do_group)


state 131

  37) for_clause : For name linebreak In sequential_sep _ do_group

  Do            shift, and go to state 102

  do_group      go to state 140

state 132

  38) for_clause : For name linebreak In wordlist _ sequential_sep do_group
  41) wordlist : wordlist _ WORD

  WORD          shift, and go to state 142
  NEWLINE       shift, and go to state 3
  ";"           shift, and go to state 107

  sequential_sep  go to state 141
  newline_list  go to state 134

state 133

  40) wordlist : WORD _

  $default      reduce using rule 40 (wordlist)


state 134

  43) sequential_sep : newline_list _
 104) newline_list : newline_list _ NEWLINE

  NEWLINE       shift, and go to state 48
  $default      reduce using rule 43 (sequential_sep)


state 135

  44) case_clause : Case WORD linebreak In linebreak _ case_list Esac
  45) case_clause : Case WORD linebreak In linebreak _ case_list_ns Esac
  46) case_clause : Case WORD linebreak In linebreak _ Esac

  WORD          shift, and go to state 150
  Esac          shift, and go to state 145
  "("           shift, and go to state 149

  case_list     go to state 143
  case_list_ns  go to state 144
  case_item     go to state 146
  case_item_ns  go to state 147
  patterns      go to state 148

state 136

  61) if_clause : If compound_list Then compound_list else_part _ Fi

  Fi            shift, and go to state 151


state 137

  62) if_clause : If compound_list Then compound_list Fi _

  $default      reduce using rule 62 (if_clause)


state 138

  63) else_part : Elif _ compound_list Then compound_list
  64) else_part : Elif _ compound_list Then compound_list else_part

  NEWLINE       shift, and go to state 3
  $default      reduce using rule 106 (linebreak)

  compound_list  go to state 152
  linebreak     go to state 63
  newline_list  go to state 4

state 139

  65) else_part : Else _ compound_list

  NEWLINE       shift, and go to state 3
  $default      reduce using rule 106 (linebreak)

  compound_list  go to state 153
  linebreak     go to state 63
  newline_list  go to state 4

state 140

  37) for_clause : For name linebreak In sequential_sep do_group _

  $default      reduce using rule 37 (for_clause)


state 141

  38) for_clause : For name linebreak In wordlist sequential_sep _ do_group

  Do            shift, and go to state 102

  do_group      go to state 154

state 142

  41) wordlist : wordlist WORD _

  $default      reduce using rule 41 (wordlist)


state 143

  44) case_clause : Case WORD linebreak In linebreak case_list _ Esac
  48) case_list : case_list _ case_item
  50) case_list_ns : case_list _ case_item_ns

  WORD          shift, and go to state 150
  Esac          shift, and go to state 155
  "("           shift, and go to state 149

  case_item     go to state 156
  case_item_ns  go to state 157
  patterns      go to state 148

state 144

  45) case_clause : Case WORD linebreak In linebreak case_list_ns _ Esac

  Esac          shift, and go to state 158


state 145

  46) case_clause : Case WORD linebreak In linebreak Esac _

  $default      reduce using rule 46 (case_clause)


state 146

  47) case_list : case_item _

  $default      reduce using rule 47 (case_list)


state 147

  49) case_list_ns : case_item_ns _

  $default      reduce using rule 49 (case_list_ns)


state 148

  51) case_item : patterns _ ")" compound_list DSEMI linebreak
  52) case_item : patterns _ ")" linebreak DSEMI linebreak
  55) case_item_ns : patterns _ ")" compound_list
  56) case_item_ns : patterns _ ")" linebreak
  60) patterns : patterns _ "|" WORD

  "|"           shift, and go to state 160
  ")"           shift, and go to state 159


state 149

  53) case_item : "(" _ patterns ")" compound_list DSEMI linebreak
  54) case_item : "(" _ patterns ")" linebreak DSEMI linebreak
  57) case_item_ns : "(" _ patterns ")" compound_list
  58) case_item_ns : "(" _ patterns ")" linebreak

  WORD          shift, and go to state 150

  patterns      go to state 161

state 150

  59) patterns : WORD _

  $default      reduce using rule 59 (patterns)


state 151

  61) if_clause : If compound_list Then compound_list else_part Fi _

  $default      reduce using rule 61 (if_clause)


state 152

  63) else_part : Elif compound_list _ Then compound_list
  64) else_part : Elif compound_list _ Then compound_list else_part

  Then          shift, and go to state 162


state 153

  65) else_part : Else compound_list _

  $default      reduce using rule 65 (else_part)


state 154

  38) for_clause : For name linebreak In wordlist sequential_sep do_group _

  $default      reduce using rule 38 (for_clause)


state 155

  44) case_clause : Case WORD linebreak In linebreak case_list Esac _

  $default      reduce using rule 44 (case_clause)


state 156

  48) case_list : case_list case_item _

  $default      reduce using rule 48 (case_list)


state 157

  50) case_list_ns : case_list case_item_ns _

  $default      reduce using rule 50 (case_list_ns)


state 158

  45) case_clause : Case WORD linebreak In linebreak case_list_ns Esac _

  $default      reduce using rule 45 (case_clause)


state 159

  51) case_item : patterns ")" _ compound_list DSEMI linebreak
  52) case_item : patterns ")" _ linebreak DSEMI linebreak
  55) case_item_ns : patterns ")" _ compound_list
  56) case_item_ns : patterns ")" _ linebreak

  NEWLINE       shift, and go to state 3
  $default      reduce using rule 106 (linebreak)

  compound_list  go to state 163
  linebreak     go to state 164
  newline_list  go to state 4

state 160

  60) patterns : patterns "|" _ WORD

  WORD          shift, and go to state 165


state 161

  53) case_item : "(" patterns _ ")" compound_list DSEMI linebreak
  54) case_item : "(" patterns _ ")" linebreak DSEMI linebreak
  57) case_item_ns : "(" patterns _ ")" compound_list
  58) case_item_ns : "(" patterns _ ")" linebreak
  60) patterns : patterns _ "|" WORD

  "|"           shift, and go to state 160
  ")"           shift, and go to state 166


state 162

  63) else_part : Elif compound_list Then _ compound_list
  64) else_part : Elif compound_list Then _ compound_list else_part

  NEWLINE       shift, and go to state 3
  $default      reduce using rule 106 (linebreak)

  compound_list  go to state 167
  linebreak     go to state 63
  newline_list  go to state 4

state 163

  51) case_item : patterns ")" compound_list _ DSEMI linebreak
  55) case_item_ns : patterns ")" compound_list _

  DSEMI         shift, and go to state 168
  $default      reduce using rule 55 (case_item_ns)


state 164

  52) case_item : patterns ")" linebreak _ DSEMI linebreak
  56) case_item_ns : patterns ")" linebreak _
  66) compound_list : linebreak _ term
  67) compound_list : linebreak _ term separator

  WORD          shift, and go to state 17
  ASSIGNMENT_WORD  shift, and go to state 35
  IO_NUMBER     shift, and go to state 37
  DGREAT        shift, and go to state 43
  LESSGREAT     shift, and go to state 44
  CLOBBER       shift, and go to state 45
  DLESS         shift, and go to state 39
  DLESSDASH     shift, and go to state 40
  GREATAND      shift, and go to state 46
  LESSAND       shift, and go to state 47
  If            shift, and go to state 31
  Lbrace        shift, and go to state 25
  Bang          shift, and go to state 12
  While         shift, and go to state 27
  Until         shift, and go to state 28
  For           shift, and go to state 29
  Case          shift, and go to state 30
  DSEMI         shift, and go to state 169
  "("           shift, and go to state 26
  "<"           shift, and go to state 41
  ">"           shift, and go to state 42
  $default      reduce using rule 56 (case_item_ns)

  pipeline      go to state 10
  and_or        go to state 98
  pipe_sequence  go to state 11
  command       go to state 13
  simple_command  go to state 14
  compound_command  go to state 15
  function_definition  go to state 16
  brace_group   go to state 18
  subshell      go to state 19
  if_clause     go to state 20
  while_clause  go to state 21
  until_clause  go to state 22
  for_clause    go to state 23
  case_clause   go to state 24
  term          go to state 99
  cmd_prefix    go to state 32
  cmd_name      go to state 33
  io_redirect   go to state 34
  io_file       go to state 36
  io_here       go to state 38

state 165

  60) patterns : patterns "|" WORD _

  $default      reduce using rule 60 (patterns)


state 166

  53) case_item : "(" patterns ")" _ compound_list DSEMI linebreak
  54) case_item : "(" patterns ")" _ linebreak DSEMI linebreak
  57) case_item_ns : "(" patterns ")" _ compound_list
  58) case_item_ns : "(" patterns ")" _ linebreak

  NEWLINE       shift, and go to state 3
  $default      reduce using rule 106 (linebreak)

  compound_list  go to state 170
  linebreak     go to state 171
  newline_list  go to state 4

state 167

  63) else_part : Elif compound_list Then compound_list _
  64) else_part : Elif compound_list Then compound_list _ else_part

  Else          shift, and go to state 139
  Elif          shift, and go to state 138
  $default      reduce using rule 63 (else_part)

  else_part     go to state 172

state 168

  51) case_item : patterns ")" compound_list DSEMI _ linebreak

  NEWLINE       shift, and go to state 3
  $default      reduce using rule 106 (linebreak)

  linebreak     go to state 173
  newline_list  go to state 4

state 169

  52) case_item : patterns ")" linebreak DSEMI _ linebreak

  NEWLINE       shift, and go to state 3
  $default      reduce using rule 106 (linebreak)

  linebreak     go to state 174
  newline_list  go to state 4

state 170

  53) case_item : "(" patterns ")" compound_list _ DSEMI linebreak
  57) case_item_ns : "(" patterns ")" compound_list _

  DSEMI         shift, and go to state 175
  $default      reduce using rule 57 (case_item_ns)


state 171

  54) case_item : "(" patterns ")" linebreak _ DSEMI linebreak
  58) case_item_ns : "(" patterns ")" linebreak _
  66) compound_list : linebreak _ term
  67) compound_list : linebreak _ term separator

  WORD          shift, and go to state 17
  ASSIGNMENT_WORD  shift, and go to state 35
  IO_NUMBER     shift, and go to state 37
  DGREAT        shift, and go to state 43
  LESSGREAT     shift, and go to state 44
  CLOBBER       shift, and go to state 45
  DLESS         shift, and go to state 39
  DLESSDASH     shift, and go to state 40
  GREATAND      shift, and go to state 46
  LESSAND       shift, and go to state 47
  If            shift, and go to state 31
  Lbrace        shift, and go to state 25
  Bang          shift, and go to state 12
  While         shift, and go to state 27
  Until         shift, and go to state 28
  For           shift, and go to state 29
  Case          shift, and go to state 30
  DSEMI         shift, and go to state 176
  "("           shift, and go to state 26
  "<"           shift, and go to state 41
  ">"           shift, and go to state 42
  $default      reduce using rule 58 (case_item_ns)

  pipeline      go to state 10
  and_or        go to state 98
  pipe_sequence  go to state 11
  command       go to state 13
  simple_command  go to state 14
  compound_command  go to state 15
  function_definition  go to state 16
  brace_group   go to state 18
  subshell      go to state 19
  if_clause     go to state 20
  while_clause  go to state 21
  until_clause  go to state 22
  for_clause    go to state 23
  case_clause   go to state 24
  term          go to state 99
  cmd_prefix    go to state 32
  cmd_name      go to state 33
  io_redirect   go to state 34
  io_file       go to state 36
  io_here       go to state 38

state 172

  64) else_part : Elif compound_list Then compound_list else_part _

  $default      reduce using rule 64 (else_part)


state 173

  51) case_item : patterns ")" compound_list DSEMI linebreak _

  $default      reduce using rule 51 (case_item)


state 174

  52) case_item : patterns ")" linebreak DSEMI linebreak _

  $default      reduce using rule 52 (case_item)


state 175

  53) case_item : "(" patterns ")" compound_list DSEMI _ linebreak

  NEWLINE       shift, and go to state 3
  $default      reduce using rule 106 (linebreak)

  linebreak     go to state 177
  newline_list  go to state 4

state 176

  54) case_item : "(" patterns ")" linebreak DSEMI _ linebreak

  NEWLINE       shift, and go to state 3
  $default      reduce using rule 106 (linebreak)

  linebreak     go to state 178
  newline_list  go to state 4

state 177

  53) case_item : "(" patterns ")" compound_list DSEMI linebreak _

  $default      reduce using rule 53 (case_item)


state 178

  54) case_item : "(" patterns ")" linebreak DSEMI linebreak _

  $default      reduce using rule 54 (case_item)

